model qwen36keep96, thinking budget 0, candidate-0 temperature 0.2, others 0.7
merge_intervals t0: 3/3 candidates pass grading; tests [7]; 5 s
merge_intervals t1: 3/3 candidates pass grading; tests [8]; 5 s
merge_intervals t2: 3/3 candidates pass grading; tests [8]; 7 s
lru_cache t0: 3/3 candidates pass grading; tests [8]; 7 s
lru_cache t1: 3/3 candidates pass grading; tests [8]; 9 s
lru_cache t2: 3/3 candidates pass grading; tests [8]; 9 s
topological_sort t0: 3/3 candidates pass grading; tests [7]; 8 s
topological_sort t1: 2/3 candidates pass grading; tests [8]; 9 s
topological_sort t2: 2/3 candidates pass grading; tests [7]; 9 s
parse_csv_line t0: 1/3 candidates pass grading; tests [8]; 10 s
parse_csv_line t1: 2/3 candidates pass grading; tests [8]; 13 s
parse_csv_line t2: 3/3 candidates pass grading; tests [8]; 8 s
pkg_discount t0: 0/3 candidates pass grading; tests [4]; 6 s
pkg_discount t1: 0/3 candidates pass grading; tests [4]; 3 s
pkg_discount t2: 0/3 candidates pass grading; tests [4]; 3 s
pkg_auth t0: 0/3 candidates pass grading; tests [9]; 10 s
pkg_auth t1: 0/3 candidates pass grading; tests [7]; 10 s
pkg_auth t2: 0/3 candidates pass grading; tests [8]; 9 s
safe_divide_batch t0: 3/3 candidates pass grading; tests [8]; 4 s
safe_divide_batch t1: 3/3 candidates pass grading; tests [8]; 7 s
safe_divide_batch t2: 3/3 candidates pass grading; tests [8]; 6 s
retry_with_backoff t0: 3/3 candidates pass grading; tests [8]; 10 s
retry_with_backoff t1: 2/3 candidates pass grading; tests [8]; 10 s
retry_with_backoff t2: 2/3 candidates pass grading; tests [8]; 17 s
load_or_create_json t0: 3/3 candidates pass grading; tests [8]; 11 s
load_or_create_json t1: 3/3 candidates pass grading; tests [7]; 11 s
load_or_create_json t2: 3/3 candidates pass grading; tests [7]; 10 s
run_checked t0: 2/3 candidates pass grading; tests [8]; 7 s
run_checked t1: 2/3 candidates pass grading; tests [6]; 8 s
run_checked t2: 1/3 candidates pass grading; tests [7]; 7 s
clamp_with_lib t0: 3/3 candidates pass grading; tests [7]; 5 s
clamp_with_lib t1: 3/3 candidates pass grading; tests [8]; 4 s
clamp_with_lib t2: 3/3 candidates pass grading; tests [7]; 3 s
find_rotation_point t0: 3/3 candidates pass grading; tests [8]; 4 s
find_rotation_point t1: 3/3 candidates pass grading; tests [7]; 3 s
find_rotation_point t2: 3/3 candidates pass grading; tests [7]; 3 s
nested_lookup t0: 3/3 candidates pass grading; tests [8]; 6 s
nested_lookup t1: 2/3 candidates pass grading; tests [8]; 4 s
nested_lookup t2: 3/3 candidates pass grading; tests [8]; 6 s
slugify_with_lib t0: 3/3 candidates pass grading; tests [8]; 7 s
slugify_with_lib t1: 2/3 candidates pass grading; tests [8]; 6 s
slugify_with_lib t2: 3/3 candidates pass grading; tests [8]; 6 s
binary_search_first t0: 3/3 candidates pass grading; tests [9]; 5 s
binary_search_first t1: 3/3 candidates pass grading; tests [8]; 4 s
binary_search_first t2: 3/3 candidates pass grading; tests [8]; 5 s
group_anagrams t0: 3/3 candidates pass grading; tests [8]; 5 s
group_anagrams t1: 3/3 candidates pass grading; tests [7]; 4 s
group_anagrams t2: 3/3 candidates pass grading; tests [8]; 6 s
drop_negatives t0: 3/3 candidates pass grading; tests [8]; 3 s
drop_negatives t1: 3/3 candidates pass grading; tests [8]; 3 s
drop_negatives t2: 3/3 candidates pass grading; tests [8]; 3 s
merge_sorted t0: 3/3 candidates pass grading; tests [8]; 6 s
merge_sorted t1: 3/3 candidates pass grading; tests [8]; 4 s
merge_sorted t2: 3/3 candidates pass grading; tests [8]; 4 s
roman_to_int t0: 2/3 candidates pass grading; tests [4]; 7 s
roman_to_int t1: 3/3 candidates pass grading; tests [4]; 5 s
roman_to_int t2: 2/3 candidates pass grading; tests [4]; 7 s
is_balanced t0: 3/3 candidates pass grading; tests [8]; 7 s
is_balanced t1: 3/3 candidates pass grading; tests [15]; 5 s
is_balanced t2: 3/3 candidates pass grading; tests [15]; 5 s
running_sum t0: 3/3 candidates pass grading; tests [8]; 4 s
running_sum t1: 3/3 candidates pass grading; tests [7]; 3 s
running_sum t2: 3/3 candidates pass grading; tests [7]; 4 s
pkg_inventory t0: 1/3 candidates pass grading; tests [8]; 5 s
pkg_inventory t1: 1/3 candidates pass grading; tests [8]; 4 s
pkg_inventory t2: 0/3 candidates pass grading; tests [6]; 5 s
pkg_tax t0: 0/3 candidates pass grading; tests [8]; 3 s
pkg_tax t1: 0/3 candidates pass grading; tests [5]; 2 s
pkg_tax t2: 0/3 candidates pass grading; tests [7]; 2 s
pkg_rate_limit t0: 2/3 candidates pass grading; tests [4]; 3 s
pkg_rate_limit t1: 2/3 candidates pass grading; tests [7]; 5 s
pkg_rate_limit t2: 1/3 candidates pass grading; tests [6]; 4 s
pkg_shipping t0: 1/3 candidates pass grading; tests [6]; 4 s
pkg_shipping t1: 1/3 candidates pass grading; tests [8]; 10 s
pkg_shipping t2: 1/3 candidates pass grading; tests [4]; 3 s
pkg_grade t0: 3/3 candidates pass grading; tests [8]; 4 s
pkg_grade t1: 3/3 candidates pass grading; tests [8]; 9 s
pkg_grade t2: 1/3 candidates pass grading; tests [8]; 5 s
mutable_default_counter t0: 3/3 candidates pass grading; tests [8]; 5 s
mutable_default_counter t1: 3/3 candidates pass grading; tests [8]; 6 s
mutable_default_counter t2: 3/3 candidates pass grading; tests [8]; 6 s
coalesce t0: 3/3 candidates pass grading; tests [8]; 3 s
coalesce t1: 3/3 candidates pass grading; tests [8]; 4 s
coalesce t2: 3/3 candidates pass grading; tests [8]; 3 s
chunk_list t0: 3/3 candidates pass grading; tests [8]; 4 s
chunk_list t1: 3/3 candidates pass grading; tests [8]; 4 s
chunk_list t2: 3/3 candidates pass grading; tests [8]; 3 s
parse_bool t0: 3/3 candidates pass grading; tests [7]; 5 s
parse_bool t1: 3/3 candidates pass grading; tests [7]; 5 s
parse_bool t2: 3/3 candidates pass grading; tests [7]; 4 s
atomic_write t0: 3/3 candidates pass grading; tests [8]; 15 s
atomic_write t1: 2/3 candidates pass grading; tests [7]; 12 s
atomic_write t2: 1/3 candidates pass grading; tests [7]; 14 s
read_text_lines t0: 3/3 candidates pass grading; tests [5]; 12 s
read_text_lines t1: 3/3 candidates pass grading; tests [7]; 9 s
read_text_lines t2: 3/3 candidates pass grading; tests [5]; 19 s
ensure_parent_write t0: 3/3 candidates pass grading; tests [5]; 8 s
ensure_parent_write t1: 3/3 candidates pass grading; tests [4]; 7 s
ensure_parent_write t2: 3/3 candidates pass grading; tests [4]; 7 s
append_log_line t0: 3/3 candidates pass grading; tests [6]; 10 s
append_log_line t1: 3/3 candidates pass grading; tests [5]; 9 s
append_log_line t2: 3/3 candidates pass grading; tests [5]; 9 s
capture_stdout t0: 2/3 candidates pass grading; tests [8]; 6 s
capture_stdout t1: 2/3 candidates pass grading; tests [7]; 9 s
capture_stdout t2: 3/3 candidates pass grading; tests [5]; 6 s
quantize_with_lib t0: 3/3 candidates pass grading; tests [7]; 9 s
quantize_with_lib t1: 3/3 candidates pass grading; tests [8]; 8 s
quantize_with_lib t2: 3/3 candidates pass grading; tests [5]; 6 s
hash_with_lib t0: 3/3 candidates pass grading; tests [8]; 18 s
hash_with_lib t1: 2/3 candidates pass grading; tests [8]; 10 s
hash_with_lib t2: 3/3 candidates pass grading; tests [8]; 8 s
format_with_lib t0: 3/3 candidates pass grading; tests [8]; 4 s
format_with_lib t1: 3/3 candidates pass grading; tests [5]; 4 s
format_with_lib t2: 3/3 candidates pass grading; tests [8]; 3 s
normalize_with_lib t0: 3/3 candidates pass grading; tests [8]; 7 s
normalize_with_lib t1: 3/3 candidates pass grading; tests [8]; 7 s
normalize_with_lib t2: 3/3 candidates pass grading; tests [8]; 6 s
done in 12.8 min

117 task-trials, N = 3 candidates each
policy                    score       A       B       C       D       E
('first' is candidate 0, the single-shot answer; 'mean of candidates' averages candidates 1..N-1)
first                   100.0/117    36.0     6.0    21.0    19.0    18.0
mean of candidates       92.0/117    32.5     5.5    19.5    17.5    17.0
compile                 100.0/117    36.0     6.0    21.0    19.0    18.0
selftest                107.0/117    36.0    11.0    21.0    21.0    18.0
codet                   102.0/117    36.0     6.0    21.0    21.0    18.0
oracle                  107.0/117    36.0    11.0    21.0    21.0    18.0
verifier diagnostics (codet):
  no signal (self-tests cannot tell candidates apart): 92
  no correct candidate: 10
  miss (a correct candidate existed): 5
  false accept (passes every self-test, fails grading): 4
  self-tests failed by grading-correct candidates: 277/2109 (13.1%) -> wrong or over-specified tests
