18:39:30 40
18:39:45 40
18:40:01 40
18:40:16 40
18:40:31 40
18:40:46 40
18:41:01 40
18:41:16 40
18:41:31 40
18:41:46 40
18:42:01 40
18:42:17 40
18:42:32 41
18:42:47 40
18:43:02 40
18:43:17 40
18:43:32 40
18:43:47 40
18:44:02 40
18:44:18 41
18:44:33 41
18:44:48 40
18:45:03 41
18:45:18 41
18:45:33 40
18:45:48 40
18:46:03 40
18:46:18 41
18:46:34 41
18:46:49 40
18:47:04 41
18:47:19 41
18:47:34 41
18:47:49 40
18:48:04 40
18:48:19 40
18:48:35 41
18:48:50 40
18:49:05 40
18:49:20 40
18:49:35 40
18:49:50 40
18:50:05 40
18:50:20 40
18:50:36 40
18:50:51 40
18:51:06 40
18:51:21 40
18:51:36 40
18:51:51 40
18:52:06 40
18:52:21 40
18:52:36 40
18:52:52 40
18:53:07 40
18:53:22 40
18:53:37 40
18:53:52 40
18:54:07 40
18:54:22 40
18:54:37 40
18:54:52 40
18:55:08 40
18:55:23 40
18:55:38 40
18:55:53 40
18:56:08 40
18:56:23 40
18:56:38 40
18:56:53 40
18:57:08 40
18:57:23 40
18:57:39 40
18:57:54 40
18:58:09 40
18:58:24 40
18:58:39 41
18:58:54 40
18:59:09 40
18:59:24 40
18:59:39 41
18:59:54 40
19:00:09 40
19:00:25 40
19:00:40 40
19:00:55 40
19:01:10 40
19:01:25 41
19:01:40 41
19:01:55 40
19:02:10 40
19:02:25 40
19:02:40 40
19:02:56 40
19:03:11 40
19:03:26 40
19:03:43 40
19:03:59 40
19:04:14 40
19:04:29 40
19:04:44 40
19:04:59 40
19:05:14 40
19:05:31 42
19:05:46 42
19:06:01 42
19:06:17 41
19:06:32 42
19:06:47 42
19:07:02 42
19:07:17 42
19:07:32 42
19:07:54 45
19:08:09 46
19:08:24 46
19:08:39 44
19:08:55 44
19:09:10 43
19:09:25 43
19:09:40 43
19:09:55 43
19:10:10 43
19:10:25 44
19:10:40 44
19:10:57 45
19:11:12 46
19:11:27 44
19:11:42 44
19:11:57 44
19:12:13 43
19:12:28 43
19:12:59 42
19:13:14 43
19:13:29 43
19:13:44 43
19:14:00 44
19:14:15 45
19:14:30 46
19:14:45 45
19:15:00 45
19:15:15 45
19:15:30 45
19:15:45 45
19:16:00 45
19:16:16 46
19:16:31 45
19:16:46 45
19:17:01 45
19:17:16 45
19:17:31 45
19:17:46 45
19:18:02 46
19:18:17 46
19:18:32 46
19:18:47 46
19:19:02 47
19:19:17 47
19:19:32 48
19:19:47 48
19:20:03 47
19:20:18 47
19:20:33 47
19:20:48 48
19:21:03 48
19:21:18 48
19:21:33 48
19:21:48 47
19:22:04 48
19:22:19 47
19:22:34 47
19:22:49 48
19:23:04 48
19:23:19 47
19:23:34 48
19:23:49 48
19:24:05 48
19:24:20 48
19:24:35 48
19:24:50 48
19:25:05 48
19:25:20 49
19:25:35 48
19:25:50 48
19:26:06 48
19:26:21 48
19:26:36 48
19:26:51 48
19:27:06 48
19:27:21 47
19:27:36 47
19:27:51 48
19:28:07 48
19:28:22 48
19:28:37 48
19:28:52 48
19:29:07 48
19:29:22 48
19:29:38 51
19:29:54 50
19:30:09 49
19:30:24 48
19:30:39 48
19:30:54 48
19:31:09 48
19:31:24 48
19:31:39 48
19:31:55 48
19:32:10 48
19:32:25 48
19:32:40 49
19:32:55 49
19:33:10 48
19:33:25 48
19:33:40 49
19:33:56 49
19:34:11 49
19:34:26 48
19:34:41 48
19:34:56 48
19:35:11 49
19:35:26 49
19:35:42 50
19:35:57 49
19:36:12 51
19:36:27 51
19:36:42 51
19:36:57 50
19:37:12 50
19:37:28 50
19:37:43 51
19:37:58 51
19:38:13 51
19:38:28 51
19:38:43 51
19:38:58 51
19:39:13 51
19:39:29 51
19:39:44 50
19:39:59 50
19:40:14 50
19:40:29 51
19:40:44 51
19:40:59 51
19:41:15 50
19:41:30 51
19:41:45 50
19:42:00 51
19:42:15 50
19:42:30 51
19:42:45 51
19:43:01 50
19:43:16 51
19:43:31 51
19:43:46 51
19:44:01 52
19:44:16 51
19:44:31 52
19:44:47 52
19:45:02 53
19:45:17 53
19:45:32 52
19:45:47 53
19:46:02 54
19:46:17 53
19:46:33 55
19:46:48 53
19:47:03 53
19:47:18 51
19:47:33 51
19:47:48 51
19:48:03 51
19:48:19 51
19:48:34 51
19:48:49 52
19:49:04 52
19:49:19 51
19:49:34 53
19:49:49 55
19:50:04 54
19:50:20 55
19:50:35 55
19:50:50 56
19:51:05 55
19:51:20 53
20:49:18 41
20:49:33 41
20:49:48 41
20:50:05 42
20:50:20 43
20:50:35 43
20:50:50 42
20:51:05 42
20:51:20 42
20:51:35 42
20:51:51 42
20:52:06 43
20:52:21 43
20:52:36 43
20:52:51 44
20:53:06 44
20:53:21 44
20:53:37 45
20:53:52 45
20:54:07 45
20:54:22 45
20:54:37 45
20:54:52 46
20:55:07 46
20:55:22 46
20:55:38 46
20:55:53 46
20:56:08 47
20:56:23 47
20:56:38 47
20:56:53 47
20:57:08 48
20:57:24 47
20:57:39 47
20:57:54 47
20:58:09 47
20:58:24 47
20:58:39 47
20:58:54 48
20:59:09 48
20:59:25 50
20:59:40 50
20:59:55 48
21:00:10 48
21:00:25 47
21:00:40 46
21:00:55 47
21:01:10 47
21:01:25 47
21:01:41 47
21:01:56 47
21:02:11 47
21:02:26 47
21:02:41 47
21:02:56 47
21:03:11 47
21:03:26 48
21:03:41 47
21:03:57 47
21:04:12 48
21:04:27 48
21:04:42 48
21:04:57 48
21:05:12 48
21:05:27 47
21:05:42 48
21:05:58 48
21:06:13 48
21:06:28 48
21:06:43 48
21:06:58 47
21:07:13 47
21:07:28 48
21:07:43 48
21:07:59 47
21:08:14 48
21:08:29 48
21:08:44 48
21:08:59 48
21:09:14 48
21:09:29 48
21:09:44 48
21:09:59 48
21:10:15 48
21:10:30 48
21:10:45 48
21:11:00 48
